// Jest Snapshot v1, https://goo.gl/fbAQLP

exports[`Pruebas en GifGridItem Debe de mostar el componente correctamente 1`] = `
<div
  className="card animate__animated animate__bounce animate__fadeIn"
>
  <img
    alt="Título de prueba"
    src="http://localhost/prueba.jpg"
  />
  <p>
    Título de prueba
  </p>
</div>
`;
